Archive member included to satisfy reference by file (symbol)

C:/ST/STM32CubeIDE_1.16.1/STM32CubeIDE/plugins/com.st.stm32cube.ide.mcu.externaltools.gnu-tools-for-stm32.12.3.rel1.win32_1.0.200.202406191623/tools/bin/../lib/gcc/arm-none-eabi/12.3.1/../../../../arm-none-eabi/lib/thumb/v6-m/nofp\libc_nano.a(libc_a-exit.o)
                              C:/ST/STM32CubeIDE_1.16.1/STM32CubeIDE/plugins/com.st.stm32cube.ide.mcu.externaltools.gnu-tools-for-stm32.12.3.rel1.win32_1.0.200.202406191623/tools/bin/../lib/gcc/arm-none-eabi/12.3.1/../../../../arm-none-eabi/lib/thumb/v6-m/nofp/crt0.o (exit)
C:/ST/STM32CubeIDE_1.16.1/STM32CubeIDE/plugins/com.st.stm32cube.ide.mcu.externaltools.gnu-tools-for-stm32.12.3.rel1.win32_1.0.200.202406191623/tools/bin/../lib/gcc/arm-none-eabi/12.3.1/../../../../arm-none-eabi/lib/thumb/v6-m/nofp\libc_nano.a(libc_a-findfp.o)
                              C:/ST/STM32CubeIDE_1.16.1/STM32CubeIDE/plugins/com.st.stm32cube.ide.mcu.externaltools.gnu-tools-for-stm32.12.3.rel1.win32_1.0.200.202406191623/tools/bin/../lib/gcc/arm-none-eabi/12.3.1/../../../../arm-none-eabi/lib/thumb/v6-m/nofp\libc_nano.a(libc_a-exit.o) (__stdio_exit_handler)
C:/ST/STM32CubeIDE_1.16.1/STM32CubeIDE/plugins/com.st.stm32cube.ide.mcu.externaltools.gnu-tools-for-stm32.12.3.rel1.win32_1.0.200.202406191623/tools/bin/../lib/gcc/arm-none-eabi/12.3.1/../../../../arm-none-eabi/lib/thumb/v6-m/nofp\libc_nano.a(libc_a-fwalk.o)
                              C:/ST/STM32CubeIDE_1.16.1/STM32CubeIDE/plugins/com.st.stm32cube.ide.mcu.externaltools.gnu-tools-for-stm32.12.3.rel1.win32_1.0.200.202406191623/tools/bin/../lib/gcc/arm-none-eabi/12.3.1/../../../../arm-none-eabi/lib/thumb/v6-m/nofp\libc_nano.a(libc_a-findfp.o) (_fwalk_sglue)
C:/ST/STM32CubeIDE_1.16.1/STM32CubeIDE/plugins/com.st.stm32cube.ide.mcu.externaltools.gnu-tools-for-stm32.12.3.rel1.win32_1.0.200.202406191623/tools/bin/../lib/gcc/arm-none-eabi/12.3.1/../../../../arm-none-eabi/lib/thumb/v6-m/nofp\libc_nano.a(libc_a-stdio.o)
                              C:/ST/STM32CubeIDE_1.16.1/STM32CubeIDE/plugins/com.st.stm32cube.ide.mcu.externaltools.gnu-tools-for-stm32.12.3.rel1.win32_1.0.200.202406191623/tools/bin/../lib/gcc/arm-none-eabi/12.3.1/../../../../arm-none-eabi/lib/thumb/v6-m/nofp\libc_nano.a(libc_a-findfp.o) (__sread)
C:/ST/STM32CubeIDE_1.16.1/STM32CubeIDE/plugins/com.st.stm32cube.ide.mcu.externaltools.gnu-tools-for-stm32.12.3.rel1.win32_1.0.200.202406191623/tools/bin/../lib/gcc/arm-none-eabi/12.3.1/../../../../arm-none-eabi/lib/thumb/v6-m/nofp\libc_nano.a(libc_a-memset.o)
                              C:/ST/STM32CubeIDE_1.16.1/STM32CubeIDE/plugins/com.st.stm32cube.ide.mcu.externaltools.gnu-tools-for-stm32.12.3.rel1.win32_1.0.200.202406191623/tools/bin/../lib/gcc/arm-none-eabi/12.3.1/../../../../arm-none-eabi/lib/thumb/v6-m/nofp/crt0.o (memset)
C:/ST/STM32CubeIDE_1.16.1/STM32CubeIDE/plugins/com.st.stm32cube.ide.mcu.externaltools.gnu-tools-for-stm32.12.3.rel1.win32_1.0.200.202406191623/tools/bin/../lib/gcc/arm-none-eabi/12.3.1/../../../../arm-none-eabi/lib/thumb/v6-m/nofp\libc_nano.a(libc_a-closer.o)
                              C:/ST/STM32CubeIDE_1.16.1/STM32CubeIDE/plugins/com.st.stm32cube.ide.mcu.externaltools.gnu-tools-for-stm32.12.3.rel1.win32_1.0.200.202406191623/tools/bin/../lib/gcc/arm-none-eabi/12.3.1/../../../../arm-none-eabi/lib/thumb/v6-m/nofp\libc_nano.a(libc_a-stdio.o) (_close_r)
C:/ST/STM32CubeIDE_1.16.1/STM32CubeIDE/plugins/com.st.stm32cube.ide.mcu.externaltools.gnu-tools-for-stm32.12.3.rel1.win32_1.0.200.202406191623/tools/bin/../lib/gcc/arm-none-eabi/12.3.1/../../../../arm-none-eabi/lib/thumb/v6-m/nofp\libc_nano.a(libc_a-reent.o)
                              C:/ST/STM32CubeIDE_1.16.1/STM32CubeIDE/plugins/com.st.stm32cube.ide.mcu.externaltools.gnu-tools-for-stm32.12.3.rel1.win32_1.0.200.202406191623/tools/bin/../lib/gcc/arm-none-eabi/12.3.1/../../../../arm-none-eabi/lib/thumb/v6-m/nofp\libc_nano.a(libc_a-closer.o) (errno)
C:/ST/STM32CubeIDE_1.16.1/STM32CubeIDE/plugins/com.st.stm32cube.ide.mcu.externaltools.gnu-tools-for-stm32.12.3.rel1.win32_1.0.200.202406191623/tools/bin/../lib/gcc/arm-none-eabi/12.3.1/../../../../arm-none-eabi/lib/thumb/v6-m/nofp\libc_nano.a(libc_a-impure.o)
                              C:/ST/STM32CubeIDE_1.16.1/STM32CubeIDE/plugins/com.st.stm32cube.ide.mcu.externaltools.gnu-tools-for-stm32.12.3.rel1.win32_1.0.200.202406191623/tools/bin/../lib/gcc/arm-none-eabi/12.3.1/../../../../arm-none-eabi/lib/thumb/v6-m/nofp\libc_nano.a(libc_a-reent.o) (_impure_ptr)
C:/ST/STM32CubeIDE_1.16.1/STM32CubeIDE/plugins/com.st.stm32cube.ide.mcu.externaltools.gnu-tools-for-stm32.12.3.rel1.win32_1.0.200.202406191623/tools/bin/../lib/gcc/arm-none-eabi/12.3.1/../../../../arm-none-eabi/lib/thumb/v6-m/nofp\libc_nano.a(libc_a-lseekr.o)
[...]
Memory Configuration

Name             Origin             Length             Attributes
RAM              0x20000000         0x00024000         xrw
FLASH            0x08000000         0x00080000         xr
*default*        0x00000000         0xffffffff

Linker script and memory map

LOAD C:/ST/STM32CubeIDE_1.16.1/STM32CubeIDE/plugins/com.st.stm32cube.ide.mcu.externaltools.gnu-tools-for-stm32.12.3.rel1.win32_1.0.200.202406191623/tools/bin/../lib/gcc/arm-none-eabi/12.3.1/thumb/v6-m/nofp/crti.o
LOAD C:/ST/STM32CubeIDE_1.16.1/STM32CubeIDE/plugins/com.st.stm32cube.ide.mcu.externaltools.gnu-tools-for-stm32.12.3.rel1.win32_1.0.200.202406191623/tools/bin/../lib/gcc/arm-none-eabi/12.3.1/thumb/v6-m/nofp/crtbegin.o
LOAD C:/ST/STM32CubeIDE_1.16.1/STM32CubeIDE/plugins/com.st.stm32cube.ide.mcu.externaltools.gnu-tools-for-stm32.12.3.rel1.win32_1.0.200.202406191623/tools/bin/../lib/gcc/arm-none-eabi/12.3.1/../../../../arm-none-eabi/lib/thumb/v6-m/nofp/crt0.o
LOAD ./Core/Src/LTC6804_STM-G.o
LOAD ./Core/Src/main.o
LOAD ./Core/Src/stm32g0xx_hal_msp.o
LOAD ./Core/Src/stm32g0xx_it.o
LOAD ./Core/Src/syscalls.o
LOAD ./Core/Src/sysmem.o
LOAD ./Core/Src/system_stm32g0xx.o
LOAD ./Core/Startup/startup_stm32g0b1retx.o
LOAD ./Drivers/STM32G0xx_HAL_Driver/stm32g0xx_hal.o
LOAD ./Drivers/STM32G0xx_HAL_Driver/stm32g0xx_hal_cortex.o
LOAD ./Drivers/STM32G0xx_HAL_Driver/stm32g0xx_hal_dma.o
LOAD ./Drivers/STM32G0xx_HAL_Driver/stm32g0xx_hal_dma_ex.o
LOAD ./Drivers/STM32G0xx_HAL_Driver/stm32g0xx_hal_exti.o
LOAD ./Drivers/STM32G0xx_HAL_Driver/stm32g0xx_hal_fdcan.o
LOAD ./Drivers/STM32G0xx_HAL_Driver/stm32g0xx_hal_flash.o
LOAD ./Drivers/STM32G0xx_HAL_Driver/stm32g0xx_hal_flash_ex.o
LOAD ./Drivers/STM32G0xx_HAL_Driver/stm32g0xx_hal_gpio.o
LOAD ./Drivers/STM32G0xx_HAL_Driver/stm32g0xx_hal_pwr.o
LOAD ./Drivers/STM32G0xx_HAL_Driver/stm32g0xx_hal_pwr_ex.o
LOAD ./Drivers/STM32G0xx_HAL_Driver/stm32g0xx_hal_rcc.o
LOAD ./Drivers/STM32G0xx_HAL_Driver/stm32g0xx_hal_rcc_ex.o
LOAD ./Drivers/STM32G0xx_HAL_Driver/stm32g0xx_hal_spi.o
LOAD ./Drivers/STM32G0xx_HAL_Driver/stm32g0xx_hal_spi_ex.o
LOAD ./Drivers/STM32G0xx_HAL_Driver/stm32g0xx_hal_tim.o
LOAD ./Drivers/STM32G0xx_HAL_Driver/stm32g0xx_hal_tim_ex.o
LOAD ./Drivers/STM32G0xx_HAL_Driver/stm32g0xx_hal_uart.o
LOAD ./Drivers/STM32G0xx_HAL_Driver/stm32g0xx_hal_uart_ex.o
LOAD ./Drivers/STM32G0xx_HAL_Driver/stm32g0xx_ll_rcc.o
START GROUP
LOAD C:/ST/STM32CubeIDE_1.16.1/STM32CubeIDE/plugins/com.st.stm32cube.ide.mcu.externaltools.gnu-tools-for-stm32.12.3.rel1.win32_1.0.200.202406191623/tools/bin/../lib/gcc/arm-none-eabi/12.3.1/../../../../arm-none-eabi/lib/thumb/v6-m/nofp\libc_nano.a
LOAD C:/ST/STM32CubeIDE_1.16.1/STM32CubeIDE/plugins/com.st.stm32cube.ide.mcu.externaltools.gnu-tools-for-stm32.12.3.rel1.win32_1.0.200.202406191623/tools/bin/../lib/gcc/arm-none-eabi/12.3.1/../../../../arm-none-eabi/lib/thumb/v6-m/nofp\libm.a
END GROUP
START GROUP
LOAD C:/ST/STM32CubeIDE_1.16.1/STM32CubeIDE/plugins/com.st.stm32cube.ide.mcu.externaltools.gnu-tools-for-stm32.12.3.rel1.win32_1.0.200.202406191623/tools/bin/../lib/gcc/arm-none-eabi/12.3.1/thumb/v6-m/nofp\libgcc.a
LOAD C:/ST/STM32CubeIDE_1.16.1/STM32CubeIDE/plugins/com.st.stm32cube.ide.mcu.externaltools.gnu-tools-for-stm32.12.3.rel1.win32_1.0.200.202406191623/tools/bin/../lib/gcc/arm-none-eabi/12.3.1/../../../../arm-none-eabi/lib/thumb/v6-m/nofp\libc_nano.a
END GROUP
START GROUP
LOAD C:/ST/STM32CubeIDE_1.16.1/STM32CubeIDE/plugins/com.st.stm32cube.ide.mcu.externaltools.gnu-tools-for-stm32.12.3.rel1.win32_1.0.200.202406191623/tools/bin/../lib/gcc/arm-none-eabi/12.3.1/thumb/v6-m/nofp\libgcc.a
LOAD C:/ST/STM32CubeIDE_1.16.1/STM32CubeIDE/plugins/com.st.stm32cube.ide.mcu.externaltools.gnu-tools-for-stm32.12.3.rel1.win32_1.0.200.202406191623/tools/bin/../lib/gcc/arm-none-eabi/12.3.1/../../../../arm-none-eabi/lib/thumb/v6-m/nofp\libc_nano.a
LOAD C:/ST/STM32CubeIDE_1.16.1/STM32CubeIDE/plugins/com.st.stm32cube.ide.mcu.externaltools.gnu-tools-for-stm32.12.3.rel1.win32_1.0.200.202406191623/tools/bin/../lib/gcc/arm-none-eabi/12.3.1/../../../../arm-none-eabi/lib/thumb/v6-m/nofp\libnosys.a
END GROUP
START GROUP
LOAD C:/ST/STM32CubeIDE_1.16.1/STM32CubeIDE/plugins/com.st.stm32cube.ide.mcu.externaltools.gnu-tools-for-stm32.12.3.rel1.win32_1.0.200.202406191623/tools/bin/../lib/gcc/arm-none-eabi/12.3.1/thumb/v6-m/nofp\libgcc.a
LOAD C:/ST/STM32CubeIDE_1.16.1/STM32CubeIDE/plugins/com.st.stm32cube.ide.mcu.externaltools.gnu-tools-for-stm32.12.3.rel1.win32_1.0.200.202406191623/tools/bin/../lib/gcc/arm-none-eabi/12.3.1/../../../../arm-none-eabi/lib/thumb/v6-m/nofp\libc_nano.a
LOAD C:/ST/STM32CubeIDE_1.16.1/STM32CubeIDE/plugins/com.st.stm32cube.ide.mcu.externaltools.gnu-tools-for-stm32.12.3.rel1.win32_1.0.200.202406191623/tools/bin/../lib/gcc/arm-none-eabi/12.3.1/../../../../arm-none-eabi/lib/thumb/v6-m/nofp\libnosys.a
END GROUP
LOAD C:/ST/STM32CubeIDE_1.16.1/STM32CubeIDE/plugins/com.st.stm32cube.ide.mcu.externaltools.gnu-tools-for-stm32.12.3.rel1.win32_1.0.200.202406191623/tools/bin/../lib/gcc/arm-none-eabi/12.3.1/thumb/v6-m/nofp/crtend.o
LOAD C:/ST/STM32CubeIDE_1.16.1/STM32CubeIDE/plugins/com.st.stm32cube.ide.mcu.externaltools.gnu-tools-for-stm32.12.3.rel1.win32_1.0.200.202406191623/tools/bin/../lib/gcc/arm-none-eabi/12.3.1/thumb/v6-m/nofp/crtn.o
                0x20024000                        _estack = (ORIGIN (RAM) + LENGTH (RAM))
                0x00000200                        _Min_Heap_Size = 0x200
                0x00000400                        _Min_Stack_Size = 0x400

.isr_vector     0x08000000       0xbc
                0x08000000                        . = ALIGN (0x4)
 *(.isr_vector)
 .isr_vector    0x08000000       0xbc ./Core/Startup/startup_stm32g0b1retx.o
                0x08000000                g_pfnVectors
                0x080000bc                        . = ALIGN (0x4)

.text           0x080000bc     0x3350
                0x080000bc                        . = ALIGN (0x4)
 *(.text)
 .text          0x080000bc       0x48 C:/ST/STM32CubeIDE_1.16.1/STM32CubeIDE/plugins/com.st.stm32cube.ide.mcu.externaltools.gnu-tools-for-stm32.12.3.rel1.win32_1.0.200.202406191623/tools/bin/../lib/gcc/arm-none-eabi/12.3.1/thumb/v6-m/nofp/crtbegin.o
 .text          0x08000104      0x114 C:/ST/STM32CubeIDE_1.16.1/STM32CubeIDE/plugins/com.st.stm32cube.ide.mcu.externaltools.gnu-tools-for-stm32.12.3.rel1.win32_1.0.200.202406191623/tools/bin/../lib/gcc/arm-none-eabi/12.3.1/thumb/v6-m/nofp\libgcc.a(_udivsi3.o)
                0x08000104                __aeabi_uidiv
                0x08000104                __udivsi3
                0x08000210                __aeabi_uidivmod
 .text          0x08000218      0x1d4 C:/ST/STM32CubeIDE_1.16.1/STM32CubeIDE/plugins/com.st.stm32cube.ide.mcu.externaltools.gnu-tools-for-stm32.12.3.rel1.win32_1.0.200.202406191623/tools/bin/../lib/gcc/arm-none-eabi/12.3.1/thumb/v6-m/nofp\libgcc.a(_divsi3.o)
                0x08000218                __divsi3
                0x08000218                __aeabi_idiv
                0x080003e4                __aeabi_idivmod
 .text          0x080003ec        0x4 C:/ST/STM32CubeIDE_1.16.1/STM32CubeIDE/plugins/com.st.stm32cube.ide.mcu.externaltools.gnu-tools-for-stm32.12.3.rel1.win32_1.0.200.202406191623/tools/bin/../lib/gcc/arm-none-eabi/12.3.1/thumb/v6-m/nofp\libgcc.a(_dvmd_tls.o)
                0x080003ec                __aeabi_idiv0
                0x080003ec                __aeabi_ldiv0
 .text          0x080003f0       0x40 C:/ST/STM32CubeIDE_1.16.1/STM32CubeIDE/plugins/com.st.stm32cube.ide.mcu.externaltools.gnu-tools-for-stm32.12.3.rel1.win32_1.0.200.202406191623/tools/bin/../lib/gcc/arm-none-eabi/12.3.1/thumb/v6-m/nofp\libgcc.a(_aeabi_uldivmod.o)
                0x080003f0                __aeabi_uldivmod
 .text          0x08000430      0x198 C:/ST/STM32CubeIDE_1.16.1/STM32CubeIDE/plugins/com.st.stm32cube.ide.mcu.externaltools.gnu-tools-for-stm32.12.3.rel1.win32_1.0.200.202406191623/tools/bin/../lib/gcc/arm-none-eabi/12.3.1/thumb/v6-m/nofp\libgcc.a(_udivmoddi4.o)
                0x08000430                __udivmoddi4
 .text          0x080005c8       0x18 C:/ST/STM32CubeIDE_1.16.1/STM32CubeIDE/plugins/com.st.stm32cube.ide.mcu.externaltools.gnu-tools-for-stm32.12.3.rel1.win32_1.0.200.202406191623/tools/bin/../lib/gcc/arm-none-eabi/12.3.1/thumb/v6-m/nofp\libgcc.a(_clzdi2.o)
                0x080005c8                __clzdi2
 .text          0x080005e0       0x3c C:/ST/STM32CubeIDE_1.16.1/STM32CubeIDE/plugins/com.st.stm32cube.ide.mcu.externaltools.gnu-tools-for-stm32.12.3.rel1.win32_1.0.200.202406191623/tools/bin/../lib/gcc/arm-none-eabi/12.3.1/thumb/v6-m/nofp\libgcc.a(_clzsi2.o)
                0x080005e0                __clzsi2
 *(.text*)
 .text.main     0x0800061c       0x20 ./Core/Src/main.o
                0x0800061c                main
 .text.SystemClock_Config
                0x0800063c       0xb0 ./Core/Src/main.o
                0x0800063c                SystemClock_Config
 .text.MX_FDCAN1_Init
                0x080006ec       0x90 ./Core/Src/main.o
 .text.MX_SPI1_Init
                0x0800077c       0x7c ./Core/Src/main.o
 .text.MX_USART1_UART_Init
                0x080007f8       0x9c ./Core/Src/main.o
 .text.MX_GPIO_Init
                0x08000894       0x5c ./Core/Src/main.o
 .text.Error_Handler
                0x080008f0        0xc ./Core/Src/main.o
                0x080008f0                Error_Handler
 .text.HAL_MspInit
                0x080008fc       0x50 ./Core/Src/stm32g0xx_hal_msp.o
                0x080008fc                HAL_MspInit
 .text.HAL_FDCAN_MspInit
                0x0800094c       0xc4 ./Core/Src/stm32g0xx_hal_msp.o
                0x0800094c                HAL_FDCAN_MspInit
 .text.HAL_SPI_MspInit
                0x08000a10       0x94 ./Core/Src/stm32g0xx_hal_msp.o
                0x08000a10                HAL_SPI_MspInit
 .text.HAL_UART_MspInit
                0x08000aa4       0xc4 ./Core/Src/stm32g0xx_hal_msp.o
                0x08000aa4                HAL_UART_MspInit
 .text.NMI_Handler
                0x08000b68        0x8 ./Core/Src/stm32g0xx_it.o
                0x08000b68                NMI_Handler
 .text.HardFault_Handler
                0x08000b70        0x8 ./Core/Src/stm32g0xx_it.o
                0x08000b70                HardFault_Handler
 .text.SVC_Handler
                0x08000b78        0xa ./Core/Src/stm32g0xx_it.o
                0x08000b78                SVC_Handler
 .text.PendSV_Handler
                0x08000b82        0xa ./Core/Src/stm32g0xx_it.o
                0x08000b82                PendSV_Handler
 .text.SysTick_Handler
                0x08000b8c        0xe ./Core/Src/stm32g0xx_it.o
                0x08000b8c                SysTick_Handler
 .text.SystemInit
                0x08000b9a        0xa ./Core/Src/system_stm32g0xx.o
                0x08000b9a                SystemInit
 .text.Reset_Handler
                0x08000ba4       0x50 ./Core/Startup/startup_stm32g0b1retx.o
                0x08000ba4                Reset_Handler
 .text.Default_Handler
                0x08000bf4        0x2 ./Core/Startup/startup_stm32g0b1retx.o
                0x08000bf4                I2C2_3_IRQHandler
                0x08000bf4                USART3_4_5_6_LPUART1_IRQHandler
                0x08000bf4                TIM1_CC_IRQHandler
                0x08000bf4                ADC1_COMP_IRQHandler
                0x08000bf4                I2C1_IRQHandler
                0x08000bf4                TIM7_LPTIM2_IRQHandler
                0x08000bf4                TIM17_FDCAN_IT1_IRQHandler
                0x08000bf4                DMA1_Ch4_7_DMA2_Ch1_5_DMAMUX1_OVR_IRQHandler
                0x08000bf4                RCC_CRS_IRQHandler
                0x08000bf4                RTC_TAMP_IRQHandler
                0x08000bf4                SPI1_IRQHandler
                0x08000bf4                USB_UCPD1_2_IRQHandler
                0x08000bf4                EXTI2_3_IRQHandler
                0x08000bf4                USART2_LPUART2_IRQHandler
                0x08000bf4                PVD_VDDIO2_IRQHandler
                0x08000bf4                EXTI4_15_IRQHandler
                0x08000bf4                DMA1_Channel1_IRQHandler
                0x08000bf4                Default_Handler
                0x08000bf4                CEC_IRQHandler
                0x08000bf4                TIM14_IRQHandler
                0x08000bf4                TIM15_IRQHandler
                0x08000bf4                TIM3_TIM4_IRQHandler
                0x08000bf4                EXTI0_1_IRQHandler
                0x08000bf4                SPI2_3_IRQHandler
                0x08000bf4                TIM6_DAC_LPTIM1_IRQHandler
                0x08000bf4                WWDG_IRQHandler
                0x08000bf4                TIM2_IRQHandler
                0x08000bf4                DMA1_Channel2_3_IRQHandler
                0x08000bf4                FLASH_IRQHandler
                0x08000bf4                USART1_IRQHandler
                0x08000bf4                TIM16_FDCAN_IT0_IRQHandler
                0x08000bf4                TIM1_BRK_UP_TRG_COM_IRQHandler
 *fill*         0x08000bf6        0x2 
 .text.HAL_Init
                0x08000bf8       0x40 ./Drivers/STM32G0xx_HAL_Driver/stm32g0xx_hal.o
                0x08000bf8                HAL_Init
 .text.HAL_InitTick
                0x08000c38       0x94 ./Drivers/STM32G0xx_HAL_Driver/stm32g0xx_hal.o
                0x08000c38                HAL_InitTick
 .text.HAL_IncTick
                0x08000ccc       0x24 ./Drivers/STM32G0xx_HAL_Driver/stm32g0xx_hal.o
                0x08000ccc                HAL_IncTick
 .text.HAL_GetTick
                0x08000cf0       0x14 ./Drivers/STM32G0xx_HAL_Driver/stm32g0xx_hal.o
                0x08000cf0                HAL_GetTick
 .text.HAL_SYSCFG_StrobeDBattpinsConfig
                0x08000d04       0x2c ./Drivers/STM32G0xx_HAL_Driver/stm32g0xx_hal.o
                0x08000d04                HAL_SYSCFG_StrobeDBattpinsConfig
 .text.__NVIC_SetPriority
                0x08000d30       0xdc ./Drivers/STM32G0xx_HAL_Driver/stm32g0xx_hal_cortex.o
 .text.SysTick_Config
                0x08000e0c       0x48 ./Drivers/STM32G0xx_HAL_Driver/stm32g0xx_hal_cortex.o
 .text.HAL_NVIC_SetPriority
                0x08000e54       0x2a ./Drivers/STM32G0xx_HAL_Driver/stm32g0xx_hal_cortex.o
                0x08000e54                HAL_NVIC_SetPriority
 .text.HAL_SYSTICK_Config
                0x08000e7e       0x1a ./Drivers/STM32G0xx_HAL_Driver/stm32g0xx_hal_cortex.o
                0x08000e7e                HAL_SYSTICK_Config
 .text.HAL_FDCAN_Init
                0x08000e98      0x2cc ./Drivers/STM32G0xx_HAL_Driver/stm32g0xx_hal_fdcan.o
                0x08000e98                HAL_FDCAN_Init
 .text.FDCAN_CalcultateRamBlockAddresses
                0x08001164       0xd8 ./Drivers/STM32G0xx_HAL_Driver/stm32g0xx_hal_fdcan.o
 .text.HAL_GPIO_Init
                0x0800123c      0x2d8 ./Drivers/STM32G0xx_HAL_Driver/stm32g0xx_hal_gpio.o
                0x0800123c                HAL_GPIO_Init
 .text.HAL_PWREx_ControlVoltageScaling
                0x08001514       0x80 ./Drivers/STM32G0xx_HAL_Driver/stm32g0xx_hal_pwr_ex.o
                0x08001514                HAL_PWREx_ControlVoltageScaling
 .text.LL_RCC_GetAPB1Prescaler
                0x08001594       0x18 ./Drivers/STM32G0xx_HAL_Driver/stm32g0xx_hal_rcc.o
 .text.HAL_RCC_OscConfig
                0x080015ac      0x6c0 ./Drivers/STM32G0xx_HAL_Driver/stm32g0xx_hal_rcc.o
                0x080015ac                HAL_RCC_OscConfig
 .text.HAL_RCC_ClockConfig
                0x08001c6c      0x210 ./Drivers/STM32G0xx_HAL_Driver/stm32g0xx_hal_rcc.o
                0x08001c6c                HAL_RCC_ClockConfig
 .text.HAL_RCC_GetSysClockFreq
                0x08001e7c      0x104 ./Drivers/STM32G0xx_HAL_Driver/stm32g0xx_hal_rcc.o
                0x08001e7c                HAL_RCC_GetSysClockFreq
 .text.HAL_RCC_GetHCLKFreq
                0x08001f80       0x14 ./Drivers/STM32G0xx_HAL_Driver/stm32g0xx_hal_rcc.o
                0x08001f80                HAL_RCC_GetHCLKFreq
 .text.HAL_RCC_GetPCLK1Freq
                0x08001f94       0x2c ./Drivers/STM32G0xx_HAL_Driver/stm32g0xx_hal_rcc.o
                0x08001f94                HAL_RCC_GetPCLK1Freq
 .text.HAL_RCCEx_PeriphCLKConfig
                0x08001fc0      0x478 ./Drivers/STM32G0xx_HAL_Driver/stm32g0xx_hal_rcc_ex.o
                0x08001fc0                HAL_RCCEx_PeriphCLKConfig
 .text.HAL_SPI_Init
                0x08002438      0x170 ./Drivers/STM32G0xx_HAL_Driver/stm32g0xx_hal_spi.o
                0x08002438                HAL_SPI_Init
 .text.HAL_UART_Init
                0x080025a8       0xac ./Drivers/STM32G0xx_HAL_Driver/stm32g0xx_hal_uart.o
                0x080025a8                HAL_UART_Init
 .text.UART_SetConfig
                0x08002654      0x6ac ./Drivers/STM32G0xx_HAL_Driver/stm32g0xx_hal_uart.o
                0x08002654                UART_SetConfig
 .text.UART_AdvFeatureConfig
                0x08002d00      0x168 ./Drivers/STM32G0xx_HAL_Driver/stm32g0xx_hal_uart.o
                0x08002d00                UART_AdvFeatureConfig
 .text.UART_CheckIdleState
                0x08002e68      0x154 ./Drivers/STM32G0xx_HAL_Driver/stm32g0xx_hal_uart.o
                0x08002e68                UART_CheckIdleState
 .text.UART_WaitOnFlagUntilTimeout
                0x08002fbc       0xde ./Drivers/STM32G0xx_HAL_Driver/stm32g0xx_hal_uart.o
                0x08002fbc                UART_WaitOnFlagUntilTimeout
 *fill*         0x0800309a        0x2 
 .text.UART_EndRxTransfer
                0x0800309c       0xcc ./Drivers/STM32G0xx_HAL_Driver/stm32g0xx_hal_uart.o
 .text.HAL_UARTEx_DisableFifoMode
                0x08003168       0x74 ./Drivers/STM32G0xx_HAL_Driver/stm32g0xx_hal_uart_ex.o
                0x08003168                HAL_UARTEx_DisableFifoMode
 .text.HAL_UARTEx_SetTxFifoThreshold
                0x080031dc       0x7e ./Drivers/STM32G0xx_HAL_Driver/stm32g0xx_hal_uart_ex.o
                0x080031dc                HAL_UARTEx_SetTxFifoThreshold
 *fill*         0x0800325a        0x2 
 .text.HAL_UARTEx_SetRxFifoThreshold
                0x0800325c       0x84 ./Drivers/STM32G0xx_HAL_Driver/stm32g0xx_hal_uart_ex.o
                0x0800325c                HAL_UARTEx_SetRxFifoThreshold
 .text.UARTEx_SetNbDataToProcess
                0x080032e0       0xbc ./Drivers/STM32G0xx_HAL_Driver/stm32g0xx_hal_uart_ex.o
 .text.memset   0x0800339c       0x10 C:/ST/STM32CubeIDE_1.16.1/STM32CubeIDE/plugins/com.st.stm32cube.ide.mcu.externaltools.gnu-tools-for-stm32.12.3.rel1.win32_1.0.200.202406191623/tools/bin/../lib/gcc/arm-none-eabi/12.3.1/../../../../arm-none-eabi/lib/thumb/v6-m/nofp\libc_nano.a(libc_a-memset.o)
                0x0800339c                memset
 .text.__libc_init_array
                0x080033ac       0x48 C:/ST/STM32CubeIDE_1.16.1/STM32CubeIDE/plugins/com.st.stm32cube.ide.mcu.externaltools.gnu-tools-for-stm32.12.3.rel1.win32_1.0.200.202406191623/tools/bin/../lib/gcc/arm-none-eabi/12.3.1/../../../../arm-none-eabi/lib/thumb/v6-m/nofp\libc_nano.a(libc_a-init.o)
                0x080033ac                __libc_init_array
 *(.glue_7)
 .glue_7        0x080033f4        0x0 linker stubs
 *(.glue_7t)
 .glue_7t       0x080033f4        0x0 linker stubs
 *(.eh_frame)
 .eh_frame      0x080033f4        0x0 C:/ST/STM32CubeIDE_1.16.1/STM32CubeIDE/plugins/com.st.stm32cube.ide.mcu.externaltools.gnu-tools-for-stm32.12.3.rel1.win32_1.0.200.202406191623/tools/bin/../lib/gcc/arm-none-eabi/12.3.1/thumb/v6-m/nofp/crtbegin.o
 *(.init)
 .init          0x080033f4        0x4 C:/ST/STM32CubeIDE_1.16.1/STM32CubeIDE/plugins/com.st.stm32cube.ide.mcu.externaltools.gnu-tools-for-stm32.12.3.rel1.win32_1.0.200.202406191623/tools/bin/../lib/gcc/arm-none-eabi/12.3.1/thumb/v6-m/nofp/crti.o
                0x080033f4                _init
 .init          0x080033f8        0x8 C:/ST/STM32CubeIDE_1.16.1/STM32CubeIDE/plugins/com.st.stm32cube.ide.mcu.externaltools.gnu-tools-for-stm32.12.3.rel1.win32_1.0.200.202406191623/tools/bin/../lib/gcc/arm-none-eabi/12.3.1/thumb/v6-m/nofp/crtn.o
 *(.fini)
 .fini          0x08003400        0x4 C:/ST/STM32CubeIDE_1.16.1/STM32CubeIDE/plugins/com.st.stm32cube.ide.mcu.externaltools.gnu-tools-for-stm32.12.3.rel1.win32_1.0.200.202406191623/tools/bin/../lib/gcc/arm-none-eabi/12.3.1/thumb/v6-m/nofp/crti.o
                0x08003400                _fini
 .fini          0x08003404        0x8 C:/ST/STM32CubeIDE_1.16.1/STM32CubeIDE/plugins/com.st.stm32cube.ide.mcu.externaltools.gnu-tools-for-stm32.12.3.rel1.win32_1.0.200.202406191623/tools/bin/../lib/gcc/arm-none-eabi/12.3.1/thumb/v6-m/nofp/crtn.o
                0x0800340c                        . = ALIGN (0x4)
                0x0800340c                        _etext = .

.vfp11_veneer   0x0800340c        0x0
 .vfp11_veneer  0x0800340c        0x0 linker stubs

.v4_bx          0x0800340c        0x0
 .v4_bx         0x0800340c        0x0 linker stubs

.iplt           0x0800340c        0x0
 .iplt          0x0800340c        0x0 C:/ST/STM32CubeIDE_1.16.1/STM32CubeIDE/plugins/com.st.stm32cube.ide.mcu.externaltools.gnu-tools-for-stm32.12.3.rel1.win32_1.0.200.202406191623/tools/bin/../lib/gcc/arm-none-eabi/12.3.1/thumb/v6-m/nofp/crtbegin.o

.rodata         0x0800340c       0x88
                0x0800340c                        . = ALIGN (0x4)
 *(.rodata)
 *(.rodata*)
 .rodata.AHBPrescTable
                0x0800340c       0x40 ./Core/Src/system_stm32g0xx.o
                0x0800340c                AHBPrescTable
 .rodata.APBPrescTable
                0x0800344c       0x20 ./Core/Src/system_stm32g0xx.o
                0x0800344c                APBPrescTable
 .rodata.UARTPrescTable
                0x0800346c       0x18 ./Drivers/STM32G0xx_HAL_Driver/stm32g0xx_hal_uart.o
                0x0800346c                UARTPrescTable
 .rodata.numerator.1
                0x08003484        0x8 ./Drivers/STM32G0xx_HAL_Driver/stm32g0xx_hal_uart_ex.o
 .rodata.denominator.0
                0x0800348c        0x8 ./Drivers/STM32G0xx_HAL_Driver/stm32g0xx_hal_uart_ex.o
                0x08003494                        . = ALIGN (0x4)

.ARM.extab      0x08003494        0x0
                0x08003494                        . = ALIGN (0x4)
 *(.ARM.extab* .gnu.linkonce.armextab.*)
                0x08003494                        . = ALIGN (0x4)

.ARM            0x08003494        0x8
                0x08003494                        . = ALIGN (0x4)
                0x08003494                        __exidx_start = .
 *(.ARM.exidx*)
 .ARM.exidx     0x08003494        0x8 C:/ST/STM32CubeIDE_1.16.1/STM32CubeIDE/plugins/com.st.stm32cube.ide.mcu.externaltools.gnu-tools-for-stm32.12.3.rel1.win32_1.0.200.202406191623/tools/bin/../lib/gcc/arm-none-eabi/12.3.1/thumb/v6-m/nofp\libgcc.a(_udivmoddi4.o)
                0x0800349c                        __exidx_end = .
                0x0800349c                        . = ALIGN (0x4)

.preinit_array  0x0800349c        0x0
                0x0800349c                        . = ALIGN (0x4)
                0x0800349c                        PROVIDE (__preinit_array_start = .)
 *(.preinit_array*)
                0x0800349c                        PROVIDE (__preinit_array_end = .)
                0x0800349c                        . = ALIGN (0x4)

.init_array     0x0800349c        0x4
                0x0800349c                        . = ALIGN (0x4)
                0x0800349c                        PROVIDE (__init_array_start = .)
 *(SORT_BY_NAME(.init_array.*))
 *(.init_array*)
 .init_array    0x0800349c        0x4 C:/ST/STM32CubeIDE_1.16.1/STM32CubeIDE/plugins/com.st.stm32cube.ide.mcu.externaltools.gnu-tools-for-stm32.12.3.rel1.win32_1.0.200.202406191623/tools/bin/../lib/gcc/arm-none-eabi/12.3.1/thumb/v6-m/nofp/crtbegin.o
                0x080034a0                        PROVIDE (__init_array_end = .)
                0x080034a0                        . = ALIGN (0x4)

.fini_array     0x080034a0        0x4
                0x080034a0                        . = ALIGN (0x4)
                [!provide]                        PROVIDE (__fini_array_start = .)
 *(SORT_BY_NAME(.fini_array.*))
 *(.fini_array*)
 .fini_array    0x080034a0        0x4 C:/ST/STM32CubeIDE_1.16.1/STM32CubeIDE/plugins/com.st.stm32cube.ide.mcu.externaltools.gnu-tools-for-stm32.12.3.rel1.win32_1.0.200.202406191623/tools/bin/../lib/gcc/arm-none-eabi/12.3.1/thumb/v6-m/nofp/crtbegin.o
                [!provide]                        PROVIDE (__fini_array_end = .)
                0x080034a4                        . = ALIGN (0x4)
                0x080034a4                        _sidata = LOADADDR (.data)

.rel.dyn        0x080034a4        0x0
 .rel.iplt      0x080034a4        0x0 C:/ST/STM32CubeIDE_1.16.1/STM32CubeIDE/plugins/com.st.stm32cube.ide.mcu.externaltools.gnu-tools-for-stm32.12.3.rel1.win32_1.0.200.202406191623/tools/bin/../lib/gcc/arm-none-eabi/12.3.1/thumb/v6-m/nofp/crtbegin.o

.data           0x20000000        0xc load address 0x080034a4
                0x20000000                        . = ALIGN (0x4)
                0x20000000                        _sdata = .
 *(.data)
 *(.data*)
 .data.SystemCoreClock
                0x20000000        0x4 ./Core/Src/system_stm32g0xx.o
                0x20000000                SystemCoreClock
 .data.uwTickPrio
                0x20000004        0x4 ./Drivers/STM32G0xx_HAL_Driver/stm32g0xx_hal.o
                0x20000004                uwTickPrio
 .data.uwTickFreq
                0x20000008        0x1 ./Drivers/STM32G0xx_HAL_Driver/stm32g0xx_hal.o
                0x20000008                uwTickFreq
 *(.RamFunc)
 *(.RamFunc*)
                0x2000000c                        . = ALIGN (0x4)
 *fill*         0x20000009        0x3 
                0x2000000c                        _edata = .

.igot.plt       0x2000000c        0x0 load address 0x080034b0
 .igot.plt      0x2000000c        0x0 C:/ST/STM32CubeIDE_1.16.1/STM32CubeIDE/plugins/com.st.stm32cube.ide.mcu.externaltools.gnu-tools-for-stm32.12.3.rel1.win32_1.0.200.202406191623/tools/bin/../lib/gcc/arm-none-eabi/12.3.1/thumb/v6-m/nofp/crtbegin.o
                0x2000000c                        . = ALIGN (0x4)

.bss            0x2000000c      0x17c load address 0x080034b0
                0x2000000c                        _sbss = .
                0x2000000c                        __bss_start__ = _sbss
 *(.bss)
 .bss           0x2000000c       0x1c C:/ST/STM32CubeIDE_1.16.1/STM32CubeIDE/plugins/com.st.stm32cube.ide.mcu.externaltools.gnu-tools-for-stm32.12.3.rel1.win32_1.0.200.202406191623/tools/bin/../lib/gcc/arm-none-eabi/12.3.1/thumb/v6-m/nofp/crtbegin.o
 *(.bss*)
 .bss.hfdcan1   0x20000028       0x64 ./Core/Src/main.o
                0x20000028                hfdcan1
 .bss.hspi1     0x2000008c       0x64 ./Core/Src/main.o
                0x2000008c                hspi1
 .bss.huart1    0x200000f0       0x94 ./Core/Src/main.o
                0x200000f0                huart1
 .bss.uwTick    0x20000184        0x4 ./Drivers/STM32G0xx_HAL_Driver/stm32g0xx_hal.o
                0x20000184                uwTick
 *(COMMON)
                0x20000188                        . = ALIGN (0x4)
                0x20000188                        _ebss = .
                0x20000188                        __bss_end__ = _ebss

._user_heap_stack
                0x20000188      0x600 load address 0x080034b0
                0x20000188                        . = ALIGN (0x8)
                [!provide]                        PROVIDE (end = .)
                0x20000188                        PROVIDE (_end = .)
                0x20000388                        . = (. + _Min_Heap_Size)
 *fill*         0x20000188      0x200 
                0x20000788                        . = (. + _Min_Stack_Size)
 *fill*         0x20000388      0x400 
                0x20000788                        . = ALIGN (0x8)

/DISCARD/
 libc.a(*)
 libm.a(*)
 libgcc.a(*)

.ARM.attributes
                0x00000000       0x28
 *(.ARM.attributes)
 .ARM.attributes
                0x00000000       0x1e C:/ST/STM32CubeIDE_1.16.1/STM32CubeIDE/plugins/com.st.stm32cube.ide.mcu.externaltools.gnu-tools-for-stm32.12.3.rel1.win32_1.0.200.202406191623/tools/bin/../lib/gcc/arm-none-eabi/12.3.1/thumb/v6-m/nofp/crti.o
 .ARM.attributes
                0x0000001e       0x2c C:/ST/STM32CubeIDE_1.16.1/STM32CubeIDE/plugins/com.st.stm32cube.ide.mcu.externaltools.gnu-tools-for-stm32.12.3.rel1.win32_1.0.200.202406191623/tools/bin/../lib/gcc/arm-none-eabi/12.3.1/thumb/v6-m/nofp/crtbegin.o
 .ARM.attributes
                0x0000004a       0x2c ./Core/Src/main.o
 .ARM.attributes
                0x00000076       0x2c ./Core/Src/stm32g0xx_hal_msp.o
 .ARM.attributes
                0x000000a2       0x2c ./Core/Src/stm32g0xx_it.o
 .ARM.attributes
                0x000000ce       0x2c ./Core/Src/system_stm32g0xx.o
 .ARM.attributes
                0x000000fa       0x22 ./Core/Startup/startup_stm32g0b1retx.o
 .ARM.attributes
                0x0000011c       0x2c ./Drivers/STM32G0xx_HAL_Driver/stm32g0xx_hal.o
 .ARM.attributes
                0x00000148       0x2c ./Drivers/STM32G0xx_HAL_Driver/stm32g0xx_hal_cortex.o
 .ARM.attributes
                0x00000174       0x2c ./Drivers/STM32G0xx_HAL_Driver/stm32g0xx_hal_fdcan.o
 .ARM.attributes
                0x000001a0       0x2c ./Drivers/STM32G0xx_HAL_Driver/stm32g0xx_hal_gpio.o
 .ARM.attributes
                0x000001cc       0x2c ./Drivers/STM32G0xx_HAL_Driver/stm32g0xx_hal_pwr_ex.o
 .ARM.attributes
                0x000001f8       0x2c ./Drivers/STM32G0xx_HAL_Driver/stm32g0xx_hal_rcc.o
 .ARM.attributes
                0x00000224       0x2c ./Drivers/STM32G0xx_HAL_Driver/stm32g0xx_hal_rcc_ex.o
 .ARM.attributes
                0x00000250       0x2c ./Drivers/STM32G0xx_HAL_Driver/stm32g0xx_hal_spi.o
 .ARM.attributes
                0x0000027c       0x2c ./Drivers/STM32G0xx_HAL_Driver/stm32g0xx_hal_uart.o
 .ARM.attributes
                0x000002a8       0x2c ./Drivers/STM32G0xx_HAL_Driver/stm32g0xx_hal_uart_ex.o
 .ARM.attributes
                0x000002d4       0x2c C:/ST/STM32CubeIDE_1.16.1/STM32CubeIDE/plugins/com.st.stm32cube.ide.mcu.externaltools.gnu-tools-for-stm32.12.3.rel1.win32_1.0.200.202406191623/tools/bin/../lib/gcc/arm-none-eabi/12.3.1/../../../../arm-none-eabi/lib/thumb/v6-m/nofp\libc_nano.a(libc_a-memset.o)
 .ARM.attributes
                0x00000300       0x2c C:/ST/STM32CubeIDE_1.16.1/STM32CubeIDE/plugins/com.st.stm32cube.ide.mcu.externaltools.gnu-tools-for-stm32.12.3.rel1.win32_1.0.200.202406191623/tools/bin/../lib/gcc/arm-none-eabi/12.3.1/../../../../arm-none-eabi/lib/thumb/v6-m/nofp\libc_nano.a(libc_a-init.o)
 .ARM.attributes
                0x0000032c       0x1e C:/ST/STM32CubeIDE_1.16.1/STM32CubeIDE/plugins/com.st.stm32cube.ide.mcu.externaltools.gnu-tools-for-stm32.12.3.rel1.win32_1.0.200.202406191623/tools/bin/../lib/gcc/arm-none-eabi/12.3.1/thumb/v6-m/nofp\libgcc.a(_udivsi3.o)
 .ARM.attributes
                0x0000034a       0x1e C:/ST/STM32CubeIDE_1.16.1/STM32CubeIDE/plugins/com.st.stm32cube.ide.mcu.externaltools.gnu-tools-for-stm32.12.3.rel1.win32_1.0.200.202406191623/tools/bin/../lib/gcc/arm-none-eabi/12.3.1/thumb/v6-m/nofp\libgcc.a(_divsi3.o)
 .ARM.attributes
                0x00000368       0x1e C:/ST/STM32CubeIDE_1.16.1/STM32CubeIDE/plugins/com.st.stm32cube.ide.mcu.externaltools.gnu-tools-for-stm32.12.3.rel1.win32_1.0.200.202406191623/tools/bin/../lib/gcc/arm-none-eabi/12.3.1/thumb/v6-m/nofp\libgcc.a(_dvmd_tls.o)
 .ARM.attributes
                0x00000386       0x1e C:/ST/STM32CubeIDE_1.16.1/STM32CubeIDE/plugins/com.st.stm32cube.ide.mcu.externaltools.gnu-tools-for-stm32.12.3.rel1.win32_1.0.200.202406191623/tools/bin/../lib/gcc/arm-none-eabi/12.3.1/thumb/v6-m/nofp\libgcc.a(_aeabi_uldivmod.o)
 .ARM.attributes
                0x000003a4       0x2c C:/ST/STM32CubeIDE_1.16.1/STM32CubeIDE/plugins/com.st.stm32cube.ide.mcu.externaltools.gnu-tools-for-stm32.12.3.rel1.win32_1.0.200.202406191623/tools/bin/../lib/gcc/arm-none-eabi/12.3.1/thumb/v6-m/nofp\libgcc.a(_udivmoddi4.o)
 .ARM.attributes
                0x000003d0       0x1e C:/ST/STM32CubeIDE_1.16.1/STM32CubeIDE/plugins/com.st.stm32cube.ide.mcu.externaltools.gnu-tools-for-stm32.12.3.rel1.win32_1.0.200.202406191623/tools/bin/../lib/gcc/arm-none-eabi/12.3.1/thumb/v6-m/nofp\libgcc.a(_clzdi2.o)
 .ARM.attributes
                0x000003ee       0x1e C:/ST/STM32CubeIDE_1.16.1/STM32CubeIDE/plugins/com.st.stm32cube.ide.mcu.externaltools.gnu-tools-for-stm32.12.3.rel1.win32_1.0.200.202406191623/tools/bin/../lib/gcc/arm-none-eabi/12.3.1/thumb/v6-m/nofp\libgcc.a(_clzsi2.o)
 .ARM.attributes
                0x0000040c       0x1e C:/ST/STM32CubeIDE_1.16.1/STM32CubeIDE/plugins/com.st.stm32cube.ide.mcu.externaltools.gnu-tools-for-stm32.12.3.rel1.win32_1.0.200.202406191623/tools/bin/../lib/gcc/arm-none-eabi/12.3.1/thumb/v6-m/nofp/crtn.o
OUTPUT(BMS STM32G.elf elf32-littlearm)
LOAD linker stubs
LOAD C:/ST/STM32CubeIDE_1.16.1/STM32CubeIDE/plugins/com.st.stm32cube.ide.mcu.externaltools.gnu-tools-for-stm32.12.3.rel1.win32_1.0.200.202406191623/tools/bin/../lib/gcc/arm-none-eabi/12.3.1/../../../../arm-none-eabi/lib/thumb/v6-m/nofp\libc.a
LOAD C:/ST/STM32CubeIDE_1.16.1/STM32CubeIDE/plugins/com.st.stm32cube.ide.mcu.externaltools.gnu-tools-for-stm32.12.3.rel1.win32_1.0.200.202406191623/tools/bin/../lib/gcc/arm-none-eabi/12.3.1/../../../../arm-none-eabi/lib/thumb/v6-m/nofp\libm.a
LOAD C:/ST/STM32CubeIDE_1.16.1/STM32CubeIDE/plugins/com.st.stm32cube.ide.mcu.externaltools.gnu-tools-for-stm32.12.3.rel1.win32_1.0.200.202406191623/tools/bin/../lib/gcc/arm-none-eabi/12.3.1/thumb/v6-m/nofp\libgcc.a

.debug_info     0x00000000     0xee56
 .debug_info    0x00000000     0x1423 ./Core/Src/main.o
 .debug_info    0x00001423     0x151f ./Core/Src/stm32g0xx_hal_msp.o
 .debug_info    0x00002942      0x117 ./Core/Src/stm32g0xx_it.o
 .debug_info    0x00002a59      0x316 ./Core/Src/system_stm32g0xx.o
 .debug_info    0x00002d6f       0x30 ./Core/Startup/startup_stm32g0b1retx.o
 .debug_info    0x00002d9f      0xafa ./Drivers/STM32G0xx_HAL_Driver/stm32g0xx_hal.o
 .debug_info    0x00003899      0x8d9 ./Drivers/STM32G0xx_HAL_Driver/stm32g0xx_hal_cortex.o
 .debug_info    0x00004172     0x1883 ./Drivers/STM32G0xx_HAL_Driver/stm32g0xx_hal_fdcan.o
 .debug_info    0x000059f5      0x5d9 ./Drivers/STM32G0xx_HAL_Driver/stm32g0xx_hal_gpio.o
 .debug_info    0x00005fce      0x8b5 ./Drivers/STM32G0xx_HAL_Driver/stm32g0xx_hal_pwr_ex.o
 .debug_info    0x00006883      0xb9b ./Drivers/STM32G0xx_HAL_Driver/stm32g0xx_hal_rcc.o
 .debug_info    0x0000741e      0xa41 ./Drivers/STM32G0xx_HAL_Driver/stm32g0xx_hal_rcc_ex.o
 .debug_info    0x00007e5f     0x1767 ./Drivers/STM32G0xx_HAL_Driver/stm32g0xx_hal_spi.o
 .debug_info    0x000095c6     0x48a0 ./Drivers/STM32G0xx_HAL_Driver/stm32g0xx_hal_uart.o
 .debug_info    0x0000de66      0xff0 ./Drivers/STM32G0xx_HAL_Driver/stm32g0xx_hal_uart_ex.o

.debug_abbrev   0x00000000     0x1ec8
 .debug_abbrev  0x00000000      0x258 ./Core/Src/main.o
 .debug_abbrev  0x00000258      0x20c ./Core/Src/stm32g0xx_hal_msp.o
 .debug_abbrev  0x00000464       0xac ./Core/Src/stm32g0xx_it.o
 .debug_abbrev  0x00000510      0x119 ./Core/Src/system_stm32g0xx.o
 .debug_abbrev  0x00000629       0x24 ./Core/Startup/startup_stm32g0b1retx.o
 .debug_abbrev  0x0000064d      0x27f ./Drivers/STM32G0xx_HAL_Driver/stm32g0xx_hal.o
 .debug_abbrev  0x000008cc      0x2ab ./Drivers/STM32G0xx_HAL_Driver/stm32g0xx_hal_cortex.o
 .debug_abbrev  0x00000b77      0x1eb ./Drivers/STM32G0xx_HAL_Driver/stm32g0xx_hal_fdcan.o
 .debug_abbrev  0x00000d62      0x1c8 ./Drivers/STM32G0xx_HAL_Driver/stm32g0xx_hal_gpio.o
 .debug_abbrev  0x00000f2a      0x23c ./Drivers/STM32G0xx_HAL_Driver/stm32g0xx_hal_pwr_ex.o
 .debug_abbrev  0x00001166      0x2aa ./Drivers/STM32G0xx_HAL_Driver/stm32g0xx_hal_rcc.o
 .debug_abbrev  0x00001410      0x244 ./Drivers/STM32G0xx_HAL_Driver/stm32g0xx_hal_rcc_ex.o
 .debug_abbrev  0x00001654      0x290 ./Drivers/STM32G0xx_HAL_Driver/stm32g0xx_hal_spi.o
 .debug_abbrev  0x000018e4      0x311 ./Drivers/STM32G0xx_HAL_Driver/stm32g0xx_hal_uart.o
 .debug_abbrev  0x00001bf5      0x2d3 ./Drivers/STM32G0xx_HAL_Driver/stm32g0xx_hal_uart_ex.o

.debug_aranges  0x00000000      0xcc8
 .debug_aranges
                0x00000000       0x50 ./Core/Src/main.o
 .debug_aranges
                0x00000050       0x50 ./Core/Src/stm32g0xx_hal_msp.o
 .debug_aranges
                0x000000a0       0x40 ./Core/Src/stm32g0xx_it.o
 .debug_aranges
                0x000000e0       0x28 ./Core/Src/system_stm32g0xx.o
 .debug_aranges
                0x00000108       0x28 ./Core/Startup/startup_stm32g0b1retx.o
 .debug_aranges
                0x00000130      0x130 ./Drivers/STM32G0xx_HAL_Driver/stm32g0xx_hal.o
 .debug_aranges
                0x00000260       0xe8 ./Drivers/STM32G0xx_HAL_Driver/stm32g0xx_hal_cortex.o
 .debug_aranges
                0x00000348      0x208 ./Drivers/STM32G0xx_HAL_Driver/stm32g0xx_hal_fdcan.o
 .debug_aranges
                0x00000550       0x60 ./Drivers/STM32G0xx_HAL_Driver/stm32g0xx_hal_gpio.o
 .debug_aranges
                0x000005b0      0x128 ./Drivers/STM32G0xx_HAL_Driver/stm32g0xx_hal_pwr_ex.o
 .debug_aranges
                0x000006d8       0xa0 ./Drivers/STM32G0xx_HAL_Driver/stm32g0xx_hal_rcc.o
 .debug_aranges
                0x00000778       0x88 ./Drivers/STM32G0xx_HAL_Driver/stm32g0xx_hal_rcc_ex.o
 .debug_aranges
                0x00000800      0x1d8 ./Drivers/STM32G0xx_HAL_Driver/stm32g0xx_hal_spi.o
 .debug_aranges
                0x000009d8      0x248 ./Drivers/STM32G0xx_HAL_Driver/stm32g0xx_hal_uart.o
 .debug_aranges
                0x00000c20       0xa8 ./Drivers/STM32G0xx_HAL_Driver/stm32g0xx_hal_uart_ex.o

.debug_rnglists
                0x00000000      0x9e7
 .debug_rnglists
                0x00000000       0x3a ./Core/Src/main.o
 .debug_rnglists
                0x0000003a       0x3a ./Core/Src/stm32g0xx_hal_msp.o
 .debug_rnglists
                0x00000074       0x2b ./Core/Src/stm32g0xx_it.o
 .debug_rnglists
                0x0000009f       0x1a ./Core/Src/system_stm32g0xx.o
 .debug_rnglists
                0x000000b9       0x19 ./Core/Startup/startup_stm32g0b1retx.o
 .debug_rnglists
                0x000000d2       0xe0 ./Drivers/STM32G0xx_HAL_Driver/stm32g0xx_hal.o
 .debug_rnglists
                0x000001b2       0xaa ./Drivers/STM32G0xx_HAL_Driver/stm32g0xx_hal_cortex.o
 .debug_rnglists
                0x0000025c      0x18d ./Drivers/STM32G0xx_HAL_Driver/stm32g0xx_hal_fdcan.o
 .debug_rnglists
                0x000003e9       0x45 ./Drivers/STM32G0xx_HAL_Driver/stm32g0xx_hal_gpio.o
 .debug_rnglists
                0x0000042e       0xe0 ./Drivers/STM32G0xx_HAL_Driver/stm32g0xx_hal_pwr_ex.o
 .debug_rnglists
                0x0000050e       0x79 ./Drivers/STM32G0xx_HAL_Driver/stm32g0xx_hal_rcc.o
 .debug_rnglists
                0x00000587       0x69 ./Drivers/STM32G0xx_HAL_Driver/stm32g0xx_hal_rcc_ex.o
 .debug_rnglists
                0x000005f0      0x17a ./Drivers/STM32G0xx_HAL_Driver/stm32g0xx_hal_spi.o
 .debug_rnglists
                0x0000076a      0x1fd ./Drivers/STM32G0xx_HAL_Driver/stm32g0xx_hal_uart.o
 .debug_rnglists
                0x00000967       0x80 ./Drivers/STM32G0xx_HAL_Driver/stm32g0xx_hal_uart_ex.o

.debug_macro    0x00000000     0x1cfa
 .debug_macro   0x00000000      0x1f4 ./Core/Src/main.o
 .debug_macro   0x000001f4      0x1f4 ./Core/Src/stm32g0xx_hal_msp.o
 .debug_macro   0x000003e8      0x1fe ./Core/Src/stm32g0xx_it.o
 .debug_macro   0x000005e6      0x1ea ./Core/Src/system_stm32g0xx.o
 .debug_macro   0x000007d0      0x20e ./Drivers/STM32G0xx_HAL_Driver/stm32g0xx_hal.o
 .debug_macro   0x000009de      0x1ea ./Drivers/STM32G0xx_HAL_Driver/stm32g0xx_hal_cortex.o
 .debug_macro   0x00000bc8      0x2fc ./Drivers/STM32G0xx_HAL_Driver/stm32g0xx_hal_fdcan.o
 .debug_macro   0x00000ec4      0x1f1 ./Drivers/STM32G0xx_HAL_Driver/stm32g0xx_hal_gpio.o
 .debug_macro   0x000010b5      0x214 ./Drivers/STM32G0xx_HAL_Driver/stm32g0xx_hal_pwr_ex.o
 .debug_macro   0x000012c9      0x232 ./Drivers/STM32G0xx_HAL_Driver/stm32g0xx_hal_rcc.o
 .debug_macro   0x000014fb      0x202 ./Drivers/STM32G0xx_HAL_Driver/stm32g0xx_hal_rcc_ex.o
 .debug_macro   0x000016fd      0x1f2 ./Drivers/STM32G0xx_HAL_Driver/stm32g0xx_hal_spi.o
 .debug_macro   0x000018ef      0x215 ./Drivers/STM32G0xx_HAL_Driver/stm32g0xx_hal_uart.o
 .debug_macro   0x00001b04      0x1f6 ./Drivers/STM32G0xx_HAL_Driver/stm32g0xx_hal_uart_ex.o

.debug_line     0x00000000    0x10122
 .debug_line    0x00000000      0xa08 ./Core/Src/main.o
 .debug_line    0x00000a08      0x995 ./Core/Src/stm32g0xx_hal_msp.o
 .debug_line    0x0000139d      0x8eb ./Core/Src/stm32g0xx_it.o
 .debug_line    0x00001c88      0x8f9 ./Core/Src/system_stm32g0xx.o
 .debug_line    0x00002581       0x7b ./Core/Startup/startup_stm32g0b1retx.o
 .debug_line    0x000025fc      0xc96 ./Drivers/STM32G0xx_HAL_Driver/stm32g0xx_hal.o
 .debug_line    0x00003292      0xd0b ./Drivers/STM32G0xx_HAL_Driver/stm32g0xx_hal_cortex.o
 .debug_line    0x00003f9d     0x1ad0 ./Drivers/STM32G0xx_HAL_Driver/stm32g0xx_hal_fdcan.o
 .debug_line    0x00005a6d      0xd03 ./Drivers/STM32G0xx_HAL_Driver/stm32g0xx_hal_gpio.o
 .debug_line    0x00006770      0xd57 ./Drivers/STM32G0xx_HAL_Driver/stm32g0xx_hal_pwr_ex.o
 .debug_line    0x000074c7     0x10e8 ./Drivers/STM32G0xx_HAL_Driver/stm32g0xx_hal_rcc.o
 .debug_line    0x000085af     0x1327 ./Drivers/STM32G0xx_HAL_Driver/stm32g0xx_hal_rcc_ex.o
 .debug_line    0x000098d6     0x20b9 ./Drivers/STM32G0xx_HAL_Driver/stm32g0xx_hal_spi.o
 .debug_line    0x0000b98f     0x3823 ./Drivers/STM32G0xx_HAL_Driver/stm32g0xx_hal_uart.o
 .debug_line    0x0000f1b2      0xf70 ./Drivers/STM32G0xx_HAL_Driver/stm32g0xx_hal_uart_ex.o

.debug_str      0x00000000    0xb488e
 .debug_str     0x00000000    0xb04dc ./Core/Src/main.o
                              0xb0c71 (size before relaxing)
 .debug_str     0x000b04dc      0x30b ./Core/Src/stm32g0xx_hal_msp.o
                              0xb0d0b (size before relaxing)
 .debug_str     0x000b07e7       0x82 ./Core/Src/stm32g0xx_it.o
                              0xaff56 (size before relaxing)
 .debug_str     0x000b0869       0x8e ./Core/Src/system_stm32g0xx.o
                              0xb0022 (size before relaxing)
 .debug_str     0x000b08f7       0x44 ./Core/Startup/startup_stm32g0b1retx.o
                                 0x81 (size before relaxing)
 .debug_str     0x000b093b      0x834 ./Drivers/STM32G0xx_HAL_Driver/stm32g0xx_hal.o
                              0xb0932 (size before relaxing)
 .debug_str     0x000b116f      0x2e9 ./Drivers/STM32G0xx_HAL_Driver/stm32g0xx_hal_cortex.o
                              0xb056a (size before relaxing)
 .debug_str     0x000b1458     0x1365 ./Drivers/STM32G0xx_HAL_Driver/stm32g0xx_hal_fdcan.o
                              0xb16f1 (size before relaxing)
 .debug_str     0x000b27bd      0x1d7 ./Drivers/STM32G0xx_HAL_Driver/stm32g0xx_hal_gpio.o
                              0xb01bc (size before relaxing)
 .debug_str     0x000b2994      0x427 ./Drivers/STM32G0xx_HAL_Driver/stm32g0xx_hal_pwr_ex.o
                              0xb05db (size before relaxing)
 .debug_str     0x000b2dbb      0x4f7 ./Drivers/STM32G0xx_HAL_Driver/stm32g0xx_hal_rcc.o
                              0xb0825 (size before relaxing)
 .debug_str     0x000b32b2      0x397 ./Drivers/STM32G0xx_HAL_Driver/stm32g0xx_hal_rcc_ex.o
                              0xb06b5 (size before relaxing)
 .debug_str     0x000b3649      0x5b4 ./Drivers/STM32G0xx_HAL_Driver/stm32g0xx_hal_spi.o
                              0xb0a66 (size before relaxing)
 .debug_str     0x000b3bfd      0x9ef ./Drivers/STM32G0xx_HAL_Driver/stm32g0xx_hal_uart.o
                              0xb1044 (size before relaxing)
 .debug_str     0x000b45ec      0x2a2 ./Drivers/STM32G0xx_HAL_Driver/stm32g0xx_hal_uart_ex.o
                              0xb090a (size before relaxing)

.comment        0x00000000       0x43
 .comment       0x00000000       0x43 ./Core/Src/main.o
                                 0x44 (size before relaxing)
 .comment       0x00000043       0x44 ./Core/Src/stm32g0xx_hal_msp.o
 .comment       0x00000043       0x44 ./Core/Src/stm32g0xx_it.o
 .comment       0x00000043       0x44 ./Core/Src/system_stm32g0xx.o
 .comment       0x00000043       0x44 ./Drivers/STM32G0xx_HAL_Driver/stm32g0xx_hal.o
 .comment       0x00000043       0x44 ./Drivers/STM32G0xx_HAL_Driver/stm32g0xx_hal_cortex.o
 .comment       0x00000043       0x44 ./Drivers/STM32G0xx_HAL_Driver/stm32g0xx_hal_fdcan.o
 .comment       0x00000043       0x44 ./Drivers/STM32G0xx_HAL_Driver/stm32g0xx_hal_gpio.o
 .comment       0x00000043       0x44 ./Drivers/STM32G0xx_HAL_Driver/stm32g0xx_hal_pwr_ex.o
 .comment       0x00000043       0x44 ./Drivers/STM32G0xx_HAL_Driver/stm32g0xx_hal_rcc.o
 .comment       0x00000043       0x44 ./Drivers/STM32G0xx_HAL_Driver/stm32g0xx_hal_rcc_ex.o
 .comment       0x00000043       0x44 ./Drivers/STM32G0xx_HAL_Driver/stm32g0xx_hal_spi.o
 .comment       0x00000043       0x44 ./Drivers/STM32G0xx_HAL_Driver/stm32g0xx_hal_uart.o
 .comment       0x00000043       0x44 ./Drivers/STM32G0xx_HAL_Driver/stm32g0xx_hal_uart_ex.o

.debug_frame    0x00000000     0x2ddc
 .debug_frame   0x00000000       0xdc ./Core/Src/main.o
 .debug_frame   0x000000dc       0xf0 ./Core/Src/stm32g0xx_hal_msp.o
 .debug_frame   0x000001cc       0x9c ./Core/Src/stm32g0xx_it.o
 .debug_frame   0x00000268       0x4c ./Core/Src/system_stm32g0xx.o
 .debug_frame   0x000002b4      0x41c ./Drivers/STM32G0xx_HAL_Driver/stm32g0xx_hal.o
 .debug_frame   0x000006d0      0x33c ./Drivers/STM32G0xx_HAL_Driver/stm32g0xx_hal_cortex.o
 .debug_frame   0x00000a0c      0x7d0 ./Drivers/STM32G0xx_HAL_Driver/stm32g0xx_hal_fdcan.o
 .debug_frame   0x000011dc      0x130 ./Drivers/STM32G0xx_HAL_Driver/stm32g0xx_hal_gpio.o
 .debug_frame   0x0000130c      0x3f4 ./Drivers/STM32G0xx_HAL_Driver/stm32g0xx_hal_pwr_ex.o
 .debug_frame   0x00001700      0x214 ./Drivers/STM32G0xx_HAL_Driver/stm32g0xx_hal_rcc.o
 .debug_frame   0x00001914      0x1c0 ./Drivers/STM32G0xx_HAL_Driver/stm32g0xx_hal_rcc_ex.o
 .debug_frame   0x00001ad4      0x710 ./Drivers/STM32G0xx_HAL_Driver/stm32g0xx_hal_spi.o
 .debug_frame   0x000021e4      0x8d8 ./Drivers/STM32G0xx_HAL_Driver/stm32g0xx_hal_uart.o
 .debug_frame   0x00002abc      0x258 ./Drivers/STM32G0xx_HAL_Driver/stm32g0xx_hal_uart_ex.o
 .debug_frame   0x00002d14       0x20 C:/ST/STM32CubeIDE_1.16.1/STM32CubeIDE/plugins/com.st.stm32cube.ide.mcu.externaltools.gnu-tools-for-stm32.12.3.rel1.win32_1.0.200.202406191623/tools/bin/../lib/gcc/arm-none-eabi/12.3.1/../../../../arm-none-eabi/lib/thumb/v6-m/nofp\libc_nano.a(libc_a-memset.o)
 .debug_frame   0x00002d34       0x2c C:/ST/STM32CubeIDE_1.16.1/STM32CubeIDE/plugins/com.st.stm32cube.ide.mcu.externaltools.gnu-tools-for-stm32.12.3.rel1.win32_1.0.200.202406191623/tools/bin/../lib/gcc/arm-none-eabi/12.3.1/../../../../arm-none-eabi/lib/thumb/v6-m/nofp\libc_nano.a(libc_a-init.o)
 .debug_frame   0x00002d60       0x20 C:/ST/STM32CubeIDE_1.16.1/STM32CubeIDE/plugins/com.st.stm32cube.ide.mcu.externaltools.gnu-tools-for-stm32.12.3.rel1.win32_1.0.200.202406191623/tools/bin/../lib/gcc/arm-none-eabi/12.3.1/thumb/v6-m/nofp\libgcc.a(_udivsi3.o)
 .debug_frame   0x00002d80       0x20 C:/ST/STM32CubeIDE_1.16.1/STM32CubeIDE/plugins/com.st.stm32cube.ide.mcu.externaltools.gnu-tools-for-stm32.12.3.rel1.win32_1.0.200.202406191623/tools/bin/../lib/gcc/arm-none-eabi/12.3.1/thumb/v6-m/nofp\libgcc.a(_divsi3.o)
 .debug_frame   0x00002da0       0x3c C:/ST/STM32CubeIDE_1.16.1/STM32CubeIDE/plugins/com.st.stm32cube.ide.mcu.externaltools.gnu-tools-for-stm32.12.3.rel1.win32_1.0.200.202406191623/tools/bin/../lib/gcc/arm-none-eabi/12.3.1/thumb/v6-m/nofp\libgcc.a(_udivmoddi4.o)

.debug_line_str
                0x00000000       0x65
 .debug_line_str
                0x00000000       0x65 ./Core/Startup/startup_stm32g0b1retx.o
